+--------------------------+
| Tables_in_stade_db       |
+--------------------------+
| admin_owner_requests     |
| admin_owner_stadium      |
| ban_clients              |
| client                   |
| feedbacks                |
| metric_snapshots         |
| notification_admin       |
| notification_client      |
| notification_super_admin |
| reservations             |
| roles                    |
| stadium_details          |
| stadium_localisations    |
| stadiums                 |
| super_admin              |
| time_reservation_detail  |
| users                    |
+--------------------------+
this is the structure of the database


mysql> describe admin_owner_requests;
+------------------------+---------------------------------------+------+-----+---------+----------------+
| Field                  | Type                                  | Null | Key | Default | Extra          |
+------------------------+---------------------------------------+------+-----+---------+----------------+
| admin_owner_request_id | bigint                                | NO   | PRI | NULL    | auto_increment |
| admin_id               | bigint                                | NO   |     | NULL    |                |
| created_at             | datetime(6)                           | NO   |     | NULL    |                |
| feedback_id            | bigint                                | YES  |     | NULL    |                |
| status                 | enum('ACCEPTED','PENDING','REJECTED') | NO   |     | NULL    |                |
| user_id                | bigint                                | NO   |     | NULL    |                |
| stadium_id             | bigint                                | NO   | MUL | NULL    |                |
+------------------------+---------------------------------------+------+-----+---------+----------------+

this is the structure of admin_owner_requests table 